Microchip MPLAB XC8 Compiler V2.32

Linker command line:

-W-3 --edf=C:\Program Files\Microchip\xc8\v2.32\pic\dat\en_msgs.txt -cn \
  -h+dist/default/production\SistemaRiego.X.production.sym \
  --cmf=dist/default/production\SistemaRiego.X.production.cmf -z -Q18F4550 \
  -oC:\Users\jefer\AppData\Local\Temp\xcAsb30.4 \
  -Mdist/default/production/SistemaRiego.X.production.map -E1 \
  -ver=XC8 Compiler -ASTACK=024Ah-07FFh -pstack=STACK -ACODE=00h-07FFFh \
  -ACONST=00h-07FFFh -ASMALLCONST=0800h-08FFhx120 \
  -AMEDIUMCONST=0800h-07FFFh -ACOMRAM=01h-05Fh -AABS1=00h-07FFh \
  -ABIGRAM=01h-07FFh -ARAM=060h-0FFh,0100h-01FFhx7 -ABANK0=060h-0FFh \
  -ABANK1=0100h-01FFh -ABANK2=0200h-02FFh -ABANK3=0300h-03FFh \
  -ABANK4=0400h-04FFh -ABANK5=0500h-05FFh -ABANK6=0600h-06FFh \
  -ABANK7=0700h-07FFh -ASFR=0F60h-0FFFh -ACONFIG=0300000h-030000Dh \
  -AIDLOC=0200000h-0200007h -AEEDATA=0F00000h-0F000FFh -peeprom_data=EEDATA \
  -preset_vec=00h,intcode,intcodelo,powerup,init -pramtop=0800h \
  -psmallconst=SMALLCONST -pmediumconst=MEDIUMCONST -pconst=CONST \
  -AFARRAM=00h-00h \
  -prdata=COMRAM,nvrram=COMRAM,nvbit=COMRAM,rbss=COMRAM,rbit=COMRAM \
  -pfarbss=FARRAM,fardata=FARRAM,nvFARRAM=FARRAM \
  -pintsave_regs=BIGRAM,bigbss=BIGRAM,bigdata=BIGRAM -pbss=RAM \
  -pidata=CODE,irdata=CODE,ibigdata=CODE,ifardata=CODE -prparam=COMRAM \
  C:\Users\jefer\AppData\Local\Temp\xcAsb30.obj \
  dist/default/production\SistemaRiego.X.production.obj 

Object code version is 3.11

Machine type is 18F4550



                Name                               Link     Load   Length Selector   Space Scale
C:\Users\jefer\AppData\Local\Temp\xcAsb30.obj
                idloc                            200000   200000        8        0       5
                config                           300000   300000        E        0       4
                init                                  0        0        4        0       0
dist/default/production\SistemaRiego.X.production.obj
                idloc                            200000   200000        8        0       5
                config                           300000   300000        E        0       4
                smallconst                          800      800       6A      400       0
                text30                             1778     1778        E      91E       0
                text29                             161C     161C       32      91E       0
                text28                             16C4     16C4       20      91E       0
                text27                             171C     171C       1A      91E       0
                text26                             15E8     15E8       34      91E       0
                text25                             1700     1700       1C      91E       0
                text24                             164E     164E       2E      91E       0
                text23                             16E4     16E4       1C      91E       0
                text22                             1418     1418       52      91E       0
                text21                             15B4     15B4       34      91E       0
                text20                             17A4     17A4        A      91E       0
                text19                             179A     179A        A      91E       0
                text18                             17AE     17AE        8      91E       0
                text17                             16A0     16A0       24      91E       0
                text16                             1762     1762       16      91E       0
                text15                             174C     174C       16      91E       0
                text14                             1736     1736       16      91E       0
                text13                             1790     1790        A      91E       0
                text12                             136C     136C       5A      91E       0
                text11                             14FA     14FA       44      91E       0
                text10                             13C6     13C6       52      91E       0
                text9                              153E     153E       42      91E       0
                text8                               CDA      CDA      208      435       0
                text7                               86A      86A      262      435       0
                text6                              14B2     14B2       48      91E       0
                text5                              146A     146A       48      91E       0
                text4                              1580     1580       34      91E       0
                text3                              123C     123C       A8      91E       0
                text2                               ACC      ACC      20E      435       0
                text1                               EE2      EE2      18A      435       0
                text0                              106C     106C      104      435       0
                cstackCOMRAM                          1        1       37        1       1
                cstackBANK0                          60       60       6E       60       1
                cstackBANK2                         200      200       26      200       1
                dataBANK2                           226      226       24      200       1
                dataBANK1                           100      100       CB      100       1
                bssBANK1                            1CB      1CB       32      100       1
                dataBANK0                            F5       F5        A       60       1
                bssBANK0                             CE       CE       27       60       1
                bssCOMRAM                            38       38        3        1       1
                cinit                              12E4     12E4       88      91E       0
                idataBANK2                         167C     167C       24      91E       0
                idataBANK1                         1170     1170       CB      435       0
                idataBANK0                         1786     1786        A      91E       0

TOTAL           Name                               Link     Load   Length     Space
        CLASS   STACK          

        CLASS   CODE           
                init                                  0        0        4         0
                text30                             1778     1778        E         0
                text29                             161C     161C       32         0
                text28                             16C4     16C4       20         0
                text27                             171C     171C       1A         0
                text26                             15E8     15E8       34         0
                text25                             1700     1700       1C         0
                text24                             164E     164E       2E         0
                text23                             16E4     16E4       1C         0
                text22                             1418     1418       52         0
                text21                             15B4     15B4       34         0
                text20                             17A4     17A4        A         0
                text19                             179A     179A        A         0
                text18                             17AE     17AE        8         0
                text17                             16A0     16A0       24         0
                text16                             1762     1762       16         0
                text15                             174C     174C       16         0
                text14                             1736     1736       16         0
                text13                             1790     1790        A         0
                text12                             136C     136C       5A         0
                text11                             14FA     14FA       44         0
                text10                             13C6     13C6       52         0
                text9                              153E     153E       42         0
                text8                               CDA      CDA      208         0
                text7                               86A      86A      262         0
                text6                              14B2     14B2       48         0
                text5                              146A     146A       48         0
                text4                              1580     1580       34         0
                text3                              123C     123C       A8         0
                text2                               ACC      ACC      20E         0
                text1                               EE2      EE2      18A         0
                text0                              106C     106C      104         0
                cinit                              12E4     12E4       88         0
                idataBANK2                         167C     167C       24         0
                idataBANK1                         1170     1170       CB         0
                idataBANK0                         1786     1786        A         0

        CLASS   CONST          

        CLASS   SMALLCONST     
                smallconst                          800      800       6A         0

        CLASS   MEDIUMCONST    

        CLASS   COMRAM         
                cstackCOMRAM                          1        1       37         1
                bssCOMRAM                            38       38        3         1

        CLASS   ABS1           

        CLASS   BIGRAM         

        CLASS   RAM            

        CLASS   BANK0          
                cstackBANK0                          60       60       6E         1
                dataBANK0                            F5       F5        A         1
                bssBANK0                             CE       CE       27         1

        CLASS   BANK1          
                dataBANK1                           100      100       CB         1
                bssBANK1                            1CB      1CB       32         1

        CLASS   BANK2          
                cstackBANK2                         200      200       26         1
                dataBANK2                           226      226       24         1

        CLASS   BANK3          

        CLASS   BANK4          

        CLASS   BANK5          

        CLASS   BANK6          

        CLASS   BANK7          

        CLASS   SFR            

        CLASS   CONFIG         
                config                           300000   300000        E         4

        CLASS   IDLOC          
                idloc                            200000   200000        8         5

        CLASS   EEDATA         

        CLASS   FARRAM         



SEGMENTS        Name                           Load    Length   Top    Selector   Space  Class

                reset_vec                      000000  000004  000004         0       0  CODE    
                cstackCOMRAM                   000001  00003A  00003B         1       1  COMRAM  
                cstackBANK0                    000060  00009F  0000FF        60       1  BANK0   
                dataBANK1                      000100  0000FD  0001FD       100       1  BANK1   
                cstackBANK2                    000200  00004A  00024A       200       1  BANK2   
                smallconst                     000800  00006A  00086A       400       0  SMALLCON
                text7                          00086A  0009D1  00123B       435       0  CODE    
                text3                          00123C  00057A  0017B6       91E       0  CODE    


UNUSED ADDRESS RANGES

        Name                Unused          Largest block    Delta
        BANK0            0000FF-0000FF                1
        BANK1            0001FD-0001FF                3
        BANK2            00024A-0002FF               B6
        BANK3            000300-0003FF              100
        BANK4            000400-0004FF              100
        BANK5            000500-0005FF              100
        BANK6            000600-0006FF              100
        BANK7            000700-0007FF              100
        BIGRAM           00003B-00005F               25
                         0000FF-0000FF                1
                         0001FD-0001FF                3
                         00024A-0007FF              5B6
        CODE             000004-0007FF              7FC
                         00123B-00123B                1
                         0017B6-007FFF             684A
        COMRAM           00003B-00005F               25
        CONST            000004-0007FF              7FC
                         00123B-00123B                1
                         0017B6-007FFF             684A
        EEDATA           F00000-F000FF              100
        MEDIUMCONST      00123B-00123B                1
                         0017B6-007FFF             684A
        RAM              0000FF-0000FF                1
                         0001FD-0001FF                3
                         00024A-0007FF              100
        SFR              000F60-000FFF               A0
        SMALLCONST       00123B-00123B                1
                         0017B6-007FFF              100
        STACK            00024A-0007FF              5B6

                                  Symbol Table

?___lwdiv                               cstackCOMRAM 000001
?___lwmod                               cstackCOMRAM 000008
?_sprintf                               cstackCOMRAM 00000D
DHT11_ReadData@data                     cstackCOMRAM 000002
DHT11_ReadData@i                        cstackCOMRAM 000001
I2C_Read@buffer                         cstackCOMRAM 000002
I2C_Read@flag                           cstackCOMRAM 000001
I2C_Repeated_Start@slave_read_address   cstackCOMRAM 000002
I2C_Start@slave_write_address           cstackCOMRAM 000002
I2C_Write@data                          cstackCOMRAM 000001
LCD_Char@dat                            cstackCOMRAM 000007
LCD_Command@cmd                         cstackCOMRAM 000007
LCD_Custom_Char@i                       cstackCOMRAM 00000B
LCD_Custom_Char@loc                     cstackCOMRAM 00000A
LCD_Custom_Char@msg                     cstackCOMRAM 000008
LCD_String@msg                          cstackCOMRAM 000008
LCD_String_xy@location                  cstackCOMRAM 00000E
LCD_String_xy@msg                       cstackCOMRAM 00000B
LCD_String_xy@pos                       cstackCOMRAM 00000A
LCD_String_xy@row                       cstackCOMRAM 00000D
MSdelay@i                               cstackCOMRAM 000003
MSdelay@j                               cstackCOMRAM 000005
MSdelay@val                             cstackCOMRAM 000001
OFF_LAMPARAS@F3204                      dataBANK1    000152
OFF_LAMPARAS@buffer_TX                  cstackCOMRAM 000001
OFF_LAMPARAS@i                          cstackCOMRAM 000016
OFF_LEDS@F3196                          dataBANK1    00018D
OFF_LEDS@buffer_TX                      cstackCOMRAM 000001
OFF_LEDS@i                              cstackCOMRAM 000010
ON_LAMPARAS@F3215                       dataBANK1    000100
ON_LAMPARAS@F3218                       dataBANK1    000137
ON_LAMPARAS@F3221                       dataBANK1    00011C
ON_LAMPARAS@F3224                       dataBANK1    000167
ON_LAMPARAS@buffer_TX                   cstackBANK0  000060
ON_LAMPARAS@buffer_TX_843               cstackBANK0  00007C
ON_LAMPARAS@buffer_TX_846               cstackBANK0  000097
ON_LAMPARAS@buffer_TX_849               cstackBANK0  0000B2
ON_LAMPARAS@i                           cstackBANK0  0000C5
ON_LAMPARAS@i_844                       cstackBANK0  0000C7
ON_LAMPARAS@i_847                       cstackBANK0  0000C9
ON_LAMPARAS@i_850                       cstackBANK0  0000CB
ON_LAMPARAS@i_851                       cstackBANK0  0000CD
ON_LEDS@F3201                           dataBANK1    00017A
ON_LEDS@T_Integral                      cstackCOMRAM 00001F
ON_LEDS@buffer_TX                       cstackCOMRAM 00000C
ON_LEDS@i                               cstackCOMRAM 000022
ON_LEDS@valor                           cstackCOMRAM 000020
RTC_Read_Calendar@read_calendar_address cstackCOMRAM 000004
RTC_Read_Clock@read_clock_address       cstackCOMRAM 000004
_ACKDT                                  (abs)        007E2D
_ACKEN                                  (abs)        007E2C
_ACKSTAT                                (abs)        007E2E
_ADCON1                                 (abs)        000FC1
_AM_PM                                  dataBANK0    0000F5
_BAUDCONbits                            (abs)        000FB8
_Clock_type                             dataBANK0    0000F6
_DHT11_CheckResponse                    text30       001778
_DHT11_ReadData                         text29       00161C
_DHT11_Start                            text28       0016C4
_Date                                   bssBANK0     0000D2
_Day                                    bssBANK0     0000D4
_I2C_Ack                                text20       0017A4
_I2C_Init                               text27       00171C
_I2C_Nack                               text19       00179A
_I2C_Read                               text17       0016A0
_I2C_Ready                              text18       0017AE
_I2C_Repeated_Start                     text15       00174C
_I2C_Start                              text14       001736
_I2C_Stop                               text13       001790
_I2C_Write                              text16       001762
_LATC0                                  (abs)        007C58
_LATC1                                  (abs)        007C59
_LATC2                                  (abs)        007C5A
_LATD                                   (abs)        000F8C
_LCD_Char                               text23       0016E4
_LCD_Command                            text25       001700
_LCD_Custom_Char                        text4        001580
_LCD_Init                               text24       00164E
_LCD_String                             text22       001418
_LCD_String_xy                          text21       0015B4
_MSdelay                                text26       0015E8
_Month                                  bssBANK0     0000D0
_Mostrar_Fecha                          text7        00086A
_OFF_LAMPARAS                           text6        0014B2
_OFF_LEDS                               text5        00146A
_ON_LAMPARAS                            text2        000ACC
_ON_LEDS                                text3        00123C
_OSCCON                                 (abs)        000FD3
_PEN                                    (abs)        007E2A
_PORTAbits                              (abs)        000F80
_PORTBbits                              (abs)        000F81
_PORTCbits                              (abs)        000F82
_RCEN                                   (abs)        007E2B
_RCSTAbits                              (abs)        000FAB
_RSEN                                   (abs)        007E29
_RTC_Read_Calendar                      text12       00136C
_RTC_Read_Clock                         text11       0014FA
_SPBRG                                  (abs)        000FAF
_SSPADD                                 (abs)        000FC8
_SSPBUF                                 (abs)        000FC9
_SSPCON1                                (abs)        000FC6
_SSPCON2                                (abs)        000FC5
_SSPCON2bits                            (abs)        000FC5
_SSPIE                                  (abs)        007CEB
_SSPIF                                  (abs)        007CF3
_SSPSTAT                                (abs)        000FC7
_SSPSTATbits                            (abs)        000FC7
_TRISA                                  (abs)        000F92
_TRISB0                                 (abs)        007C98
_TRISB1                                 (abs)        007C99
_TRISC                                  (abs)        000F94
_TRISCbits                              (abs)        000F94
_TRISD                                  (abs)        000F95
_TXREG                                  (abs)        000FAD
_TXSTAbits                              (abs)        000FAC
_Year                                   bssBANK0     0000CE
__HRAM                                  (abs)        000000
__Habs1                                 abs1         000000
__Hbank0                                bank0        000000
__Hbank1                                bank1        000000
__Hbank2                                bank2        000000
__Hbank3                                bank3        000000
__Hbank4                                bank4        000000
__Hbank5                                bank5        000000
__Hbank6                                bank6        000000
__Hbank7                                bank7        000000
__Hbigbss                               bigbss       000000
__Hbigdata                              bigdata      000000
__Hbigram                               bigram       000000
__Hbss                                  bss          000000
__HbssBANK0                             bssBANK0     000000
__HbssBANK1                             bssBANK1     000000
__HbssCOMRAM                            bssCOMRAM    000000
__Hcinit                                cinit        000000
__Hclrtext                              clrtext      000000
__Hcomram                               comram       000000
__Hconfig                               config       30000E
__Hconst                                const        000000
__HcstackBANK0                          cstackBANK0  000000
__HcstackBANK2                          cstackBANK2  000000
__HcstackCOMRAM                         cstackCOMRAM 000000
__Hdata                                 data         000000
__HdataBANK0                            dataBANK0    000000
__HdataBANK1                            dataBANK1    000000
__HdataBANK2                            dataBANK2    000000
__Heeprom_data                          eeprom_data  000000
__Hfarbss                               farbss       000000
__Hfardata                              fardata      000000
__Hibigdata                             ibigdata     000000
__Hidata                                idata        000000
__HidataBANK0                           idataBANK0   000000
__HidataBANK1                           idataBANK1   000000
__HidataBANK2                           idataBANK2   000000
__Hidloc                                idloc        200008
__Hifardata                             ifardata     000000
__Hinit                                 init         000004
__Hintcode                              intcode      000000
__Hintcode_body                         intcode_body 000000
__Hintcodelo                            intcodelo    000000
__Hintentry                             intentry     000000
__Hintret                               intret       000000
__Hintsave_regs                         intsave_regs 000000
__Hirdata                               irdata       000000
__Hmediumconst                          mediumconst  000000
__HnvFARRAM                             nvFARRAM     000000
__Hnvbit                                nvbit        000000
__Hnvrram                               nvrram       000000
__Hparam                                rparam       000000
__Hpowerup                              powerup      000000
__Hram                                  ram          000000
__Hramtop                               ramtop       000800
__Hrbit                                 rbit         000000
__Hrbss                                 rbss         000000
__Hrdata                                rdata        000000
__Hreset_vec                            reset_vec    000000
__Hrparam                               rparam       000000
__Hsfr                                  sfr          000000
__Hsmallconst                           smallconst   00086A
__Hspace_0                              (abs)        0017B6
__Hspace_1                              (abs)        00024A
__Hspace_2                              (abs)        000000
__Hspace_4                              (abs)        60000E
__Hstack                                stack        000000
__Hstruct                               struct       000000
__Htemp                                 temp         000000
__Htext                                 text         000000
__Htext0                                text0        000000
__Htext1                                text1        000000
__Htext10                               text10       000000
__Htext11                               text11       000000
__Htext12                               text12       000000
__Htext13                               text13       000000
__Htext14                               text14       000000
__Htext15                               text15       000000
__Htext16                               text16       000000
__Htext17                               text17       000000
__Htext18                               text18       000000
__Htext19                               text19       000000
__Htext2                                text2        000000
__Htext20                               text20       000000
__Htext21                               text21       000000
__Htext22                               text22       000000
__Htext23                               text23       000000
__Htext24                               text24       000000
__Htext25                               text25       000000
__Htext26                               text26       000000
__Htext27                               text27       000000
__Htext28                               text28       000000
__Htext29                               text29       000000
__Htext3                                text3        000000
__Htext30                               text30       000000
__Htext4                                text4        000000
__Htext5                                text5        000000
__Htext6                                text6        000000
__Htext7                                text7        000000
__Htext8                                text8        000000
__Htext9                                text9        000000
__LRAM                                  (abs)        000001
__Labs1                                 abs1         000000
__Lbank0                                bank0        000000
__Lbank1                                bank1        000000
__Lbank2                                bank2        000000
__Lbank3                                bank3        000000
__Lbank4                                bank4        000000
__Lbank5                                bank5        000000
__Lbank6                                bank6        000000
__Lbank7                                bank7        000000
__Lbigbss                               bigbss       000000
__Lbigdata                              bigdata      000000
__Lbigram                               bigram       000000
__Lbss                                  bss          000000
__LbssBANK0                             bssBANK0     000000
__LbssBANK1                             bssBANK1     000000
__LbssCOMRAM                            bssCOMRAM    000000
__Lcinit                                cinit        000000
__Lclrtext                              clrtext      000000
__Lcomram                               comram       000000
__Lconfig                               config       000000
__Lconst                                const        000000
__LcstackBANK0                          cstackBANK0  000000
__LcstackBANK2                          cstackBANK2  000000
__LcstackCOMRAM                         cstackCOMRAM 000000
__Ldata                                 data         000000
__LdataBANK0                            dataBANK0    000000
__LdataBANK1                            dataBANK1    000000
__LdataBANK2                            dataBANK2    000000
__Leeprom_data                          eeprom_data  000000
__Lfarbss                               farbss       000000
__Lfardata                              fardata      000000
__Libigdata                             ibigdata     000000
__Lidata                                idata        000000
__LidataBANK0                           idataBANK0   000000
__LidataBANK1                           idataBANK1   000000
__LidataBANK2                           idataBANK2   000000
__Lidloc                                idloc        000000
__Lifardata                             ifardata     000000
__Linit                                 init         000000
__Lintcode                              intcode      000000
__Lintcode_body                         intcode_body 000000
__Lintcodelo                            intcodelo    000000
__Lintentry                             intentry     000000
__Lintret                               intret       000000
__Lintsave_regs                         intsave_regs 000000
__Lirdata                               irdata       000000
__Lmediumconst                          mediumconst  000000
__LnvFARRAM                             nvFARRAM     000000
__Lnvbit                                nvbit        000000
__Lnvrram                               nvrram       000000
__Lparam                                rparam       000000
__Lpowerup                              powerup      000000
__Lram                                  ram          000000
__Lramtop                               ramtop       000800
__Lrbit                                 rbit         000000
__Lrbss                                 rbss         000000
__Lrdata                                rdata        000000
__Lreset_vec                            reset_vec    000000
__Lrparam                               rparam       000000
__Lsfr                                  sfr          000000
__Lsmallconst                           smallconst   000800
__Lspace_0                              (abs)        000000
__Lspace_1                              (abs)        000000
__Lspace_2                              (abs)        000000
__Lspace_4                              (abs)        000000
__Lstack                                stack        000000
__Lstruct                               struct       000000
__Ltemp                                 temp         000000
__Ltext                                 text         000000
__Ltext0                                text0        000000
__Ltext1                                text1        000000
__Ltext10                               text10       000000
__Ltext11                               text11       000000
__Ltext12                               text12       000000
__Ltext13                               text13       000000
__Ltext14                               text14       000000
__Ltext15                               text15       000000
__Ltext16                               text16       000000
__Ltext17                               text17       000000
__Ltext18                               text18       000000
__Ltext19                               text19       000000
__Ltext2                                text2        000000
__Ltext20                               text20       000000
__Ltext21                               text21       000000
__Ltext22                               text22       000000
__Ltext23                               text23       000000
__Ltext24                               text24       000000
__Ltext25                               text25       000000
__Ltext26                               text26       000000
__Ltext27                               text27       000000
__Ltext28                               text28       000000
__Ltext29                               text29       000000
__Ltext3                                text3        000000
__Ltext30                               text30       000000
__Ltext4                                text4        000000
__Ltext5                                text5        000000
__Ltext6                                text6        000000
__Ltext7                                text7        000000
__Ltext8                                text8        000000
__Ltext9                                text9        000000
__S0                                    (abs)        0017B6
__S1                                    (abs)        00024A
__S2                                    (abs)        000000
__S4                                    (abs)        000000
__S5                                    (abs)        000000
___inthi_sp                             stack        000000
___intlo_sp                             stack        000000
___lwdiv                                text10       0013C6
___lwdiv@counter                        cstackCOMRAM 000005
___lwdiv@dividend                       cstackCOMRAM 000001
___lwdiv@divisor                        cstackCOMRAM 000003
___lwdiv@quotient                       cstackCOMRAM 000006
___lwmod                                text9        00153E
___lwmod@counter                        cstackCOMRAM 00000C
___lwmod@dividend                       cstackCOMRAM 000008
___lwmod@divisor                        cstackCOMRAM 00000A
___param_bank                           (abs)        000000
___rparam_used                          (abs)        000001
___sp                                   stack        000000
__accesstop                             (abs)        000060
__activetblptr                          (abs)        000002
__end_of_DHT11_CheckResponse            text30       001786
__end_of_DHT11_ReadData                 text29       00164E
__end_of_DHT11_Start                    text28       0016E4
__end_of_I2C_Ack                        text20       0017AE
__end_of_I2C_Init                       text27       001736
__end_of_I2C_Nack                       text19       0017A4
__end_of_I2C_Read                       text17       0016C4
__end_of_I2C_Ready                      text18       0017B6
__end_of_I2C_Repeated_Start             text15       001762
__end_of_I2C_Start                      text14       00174C
__end_of_I2C_Stop                       text13       00179A
__end_of_I2C_Write                      text16       001778
__end_of_LCD_Char                       text23       001700
__end_of_LCD_Command                    text25       00171C
__end_of_LCD_Custom_Char                text4        0015B4
__end_of_LCD_Init                       text24       00167C
__end_of_LCD_String                     text22       00146A
__end_of_LCD_String_xy                  text21       0015E8
__end_of_MSdelay                        text26       00161C
__end_of_Mostrar_Fecha                  text7        000ACC
__end_of_OFF_LAMPARAS                   text6        0014FA
__end_of_OFF_LEDS                       text5        0014B2
__end_of_ON_LAMPARAS                    text2        000CDA
__end_of_ON_LEDS                        text3        0012E4
__end_of_RTC_Read_Calendar              text12       0013C6
__end_of_RTC_Read_Clock                 text11       00153E
__end_of___lwdiv                        text10       001418
__end_of___lwmod                        text9        001580
__end_of__initialization                cinit        001362
__end_of_dpowers                        smallconst   00080B
__end_of_hexpowers                      smallconst   000813
__end_of_main                           text0        001170
__end_of_printTempHumedad               text1        00106C
__end_of_sprintf                        text8        000EE2
__initialization                        cinit        0012E4
__mediumconst                           mediumconst  000000
__pbssBANK0                             bssBANK0     0000CE
__pbssBANK1                             bssBANK1     0001CB
__pbssCOMRAM                            bssCOMRAM    000038
__pcinit                                cinit        0012E4
__pcstackBANK0                          cstackBANK0  000060
__pcstackBANK2                          cstackBANK2  000200
__pcstackCOMRAM                         cstackCOMRAM 000001
__pdataBANK0                            dataBANK0    0000F5
__pdataBANK1                            dataBANK1    000100
__pdataBANK2                            dataBANK2    000226
__pidataBANK0                           idataBANK0   001786
__pidataBANK1                           idataBANK1   001170
__pidataBANK2                           idataBANK2   00167C
__psmallconst                           smallconst   000800
__ptext0                                text0        00106C
__ptext1                                text1        000EE2
__ptext10                               text10       0013C6
__ptext11                               text11       0014FA
__ptext12                               text12       00136C
__ptext13                               text13       001790
__ptext14                               text14       001736
__ptext15                               text15       00174C
__ptext16                               text16       001762
__ptext17                               text17       0016A0
__ptext18                               text18       0017AE
__ptext19                               text19       00179A
__ptext2                                text2        000ACC
__ptext20                               text20       0017A4
__ptext21                               text21       0015B4
__ptext22                               text22       001418
__ptext23                               text23       0016E4
__ptext24                               text24       00164E
__ptext25                               text25       001700
__ptext26                               text26       0015E8
__ptext27                               text27       00171C
__ptext28                               text28       0016C4
__ptext29                               text29       00161C
__ptext3                                text3        00123C
__ptext30                               text30       001778
__ptext4                                text4        001580
__ptext5                                text5        00146A
__ptext6                                text6        0014B2
__ptext7                                text7        00086A
__ptext8                                text8        000CDA
__ptext9                                text9        00153E
__ramtop                                ramtop       000800
__size_of_DHT11_CheckResponse           (abs)        000000
__size_of_DHT11_ReadData                (abs)        000000
__size_of_DHT11_Start                   (abs)        000000
__size_of_I2C_Ack                       (abs)        000000
__size_of_I2C_Init                      (abs)        000000
__size_of_I2C_Nack                      (abs)        000000
__size_of_I2C_Read                      (abs)        000000
__size_of_I2C_Ready                     (abs)        000000
__size_of_I2C_Repeated_Start            (abs)        000000
__size_of_I2C_Start                     (abs)        000000
__size_of_I2C_Stop                      (abs)        000000
__size_of_I2C_Write                     (abs)        000000
__size_of_LCD_Char                      (abs)        000000
__size_of_LCD_Command                   (abs)        000000
__size_of_LCD_Custom_Char               (abs)        000000
__size_of_LCD_Init                      (abs)        000000
__size_of_LCD_String                    (abs)        000000
__size_of_LCD_String_xy                 (abs)        000000
__size_of_MSdelay                       (abs)        000000
__size_of_Mostrar_Fecha                 (abs)        000000
__size_of_OFF_LAMPARAS                  (abs)        000000
__size_of_OFF_LEDS                      (abs)        000000
__size_of_ON_LAMPARAS                   (abs)        000000
__size_of_ON_LEDS                       (abs)        000000
__size_of_RTC_Read_Calendar             (abs)        000000
__size_of_RTC_Read_Clock                (abs)        000000
__size_of___lwdiv                       (abs)        000000
__size_of___lwmod                       (abs)        000000
__size_of_main                          (abs)        000000
__size_of_printTempHumedad              (abs)        000000
__size_of_sprintf                       (abs)        000000
__smallconst                            smallconst   000800
_acumBom                                bssBANK0     0000DA
_alert                                  dataBANK1    0001BB
_banAgregar                             bssBANK0     0000DC
_bombillaCar0                           dataBANK0    0000F7
_date                                   bssBANK1     0001DF
_days                                   dataBANK1    0001B4
_dpowers                                smallconst   000801
_good                                   dataBANK1    0001C3
_hexpowers                              smallconst   00080B
_hour                                   bssCOMRAM    000038
_hours                                  bssBANK1     0001E9
_main                                   text0        00106C
_min                                    bssBANK0     0000D6
_mins                                   bssBANK1     0001F3
_month                                  bssBANK1     0001D5
_printTempHumedad                       text1        000EE2
_sec                                    bssBANK0     0000D8
_secs                                   bssBANK0     0000E1
_sprintf                                text8        000CDA
_var_RH_Decimal                         bssBANK0     0000E0
_var_RH_Integral                        bssBANK0     0000DF
_var_T_Decimal                          bssBANK0     0000DE
_var_T_Integral                         bssCOMRAM    00003A
_vec_value                              bssBANK0     0000EB
_year                                   bssBANK1     0001CB
end_of_initialization                   cinit        001362
intlevel0                               text         000000
intlevel1                               text         000000
intlevel2                               text         000000
intlevel3                               text         000000
isa$std                                 (abs)        000001
isa$xinst                               (abs)        000000
main@F3188                              dataBANK2    000226
main@buffer_TX                          cstackBANK2  000200
main@i                                  cstackBANK2  000224
printTempHumedad@F3209                  dataBANK1    0001A9
printTempHumedad@F3212                  dataBANK1    00019C
printTempHumedad@buffer_TX              cstackCOMRAM 000029
printTempHumedad@buffer_TX_831          cstackCOMRAM 00001C
printTempHumedad@i                      cstackCOMRAM 000034
printTempHumedad@i_832                  cstackCOMRAM 000036
sprintf@ap                              cstackCOMRAM 000014
sprintf@c                               cstackCOMRAM 000019
sprintf@f                               cstackCOMRAM 00000F
sprintf@flag                            cstackCOMRAM 000016
sprintf@idx                             cstackCOMRAM 000013
sprintf@prec                            cstackCOMRAM 000015
sprintf@sp                              cstackCOMRAM 00000D
sprintf@val                             cstackCOMRAM 000017
stackhi                                 (abs)        0007FF
stacklo                                 (abs)        00024A
start                                   init         000000
start_initialization                    cinit        0012E4


MODULE INFORMATION

Module		Function		Class		Link	Load	Size
C:\Program Files\Microchip\xc8\v2.32\pic\sources\c90\common\lwmod.c
		___lwmod       		CODE           	153E	0000	66

C:\Program Files\Microchip\xc8\v2.32\pic\sources\c90\common\lwmod.c estimated size: 66

LCD_16x2.c
		_LCD_String    		CODE           	1418	0000	82
		_LCD_Init      		CODE           	164E	0000	46
		_LCD_Command   		CODE           	1700	0000	28
		_LCD_String_xy 		CODE           	15B4	0000	52
		_LCD_Char      		CODE           	16E4	0000	28
		_MSdelay       		CODE           	15E8	0000	52
		_LCD_Custom_Char		CODE           	1580	0000	52

LCD_16x2.c estimated size: 340

Sistema.c
		_OFF_LAMPARAS  		CODE           	14B2	0000	72
		_printTempHumedad		CODE           	0EE2	0000	394
		_OFF_LEDS      		CODE           	146A	0000	72
		_main          		CODE           	106C	0000	260
		_DHT11_Start   		CODE           	16C4	0000	32
		_DHT11_CheckResponse		CODE           	1778	0000	14
		_ON_LEDS       		CODE           	123C	0000	168
		_RTC_Read_Clock		CODE           	14FA	0000	68
		_RTC_Read_Calendar		CODE           	136C	0000	90
		_Mostrar_Fecha 		CODE           	086A	0000	610
		_ON_LAMPARAS   		CODE           	0ACC	0000	526
		_DHT11_ReadData		CODE           	161C	0000	50

Sistema.c estimated size: 2356

shared
		_dpowers       		SMALLCONST     	0801	0000	10
		__initialization		CODE           	12E4	0000	126
		_hexpowers     		SMALLCONST     	080B	0000	8

shared estimated size: 144

I2C_Master_File.h
		_I2C_Write     		CODE           	1762	0000	22
		_I2C_Stop      		CODE           	1790	0000	10
		_I2C_Read      		CODE           	16A0	0000	36
		_I2C_Ready     		CODE           	17AE	0000	8
		_I2C_Init      		CODE           	171C	0000	26
		_I2C_Repeated_Start		CODE           	174C	0000	22
		_I2C_Ack       		CODE           	17A4	0000	10
		_I2C_Nack      		CODE           	179A	0000	10
		_I2C_Start     		CODE           	1736	0000	22

I2C_Master_File.h estimated size: 166

C:\Program Files\Microchip\xc8\v2.32\pic\sources\c90\common\doprnt.c
		_sprintf       		CODE           	0CDA	0000	520

C:\Program Files\Microchip\xc8\v2.32\pic\sources\c90\common\doprnt.c estimated size: 520

C:\Program Files\Microchip\xc8\v2.32\pic\sources\c90\common\lwdiv.c
		___lwdiv       		CODE           	13C6	0000	82

C:\Program Files\Microchip\xc8\v2.32\pic\sources\c90\common\lwdiv.c estimated size: 82

